[INFO] Scanning for projects...
[INFO] 
[INFO] -------------------------< com.tsarit:backend >-------------------------
[INFO] Building backend 0.0.1-SNAPSHOT
[INFO]   from pom.xml
[INFO] --------------------------------[ jar ]---------------------------------
[INFO] 
[INFO] --- clean:3.3.2:clean (default-clean) @ backend ---
[INFO] Deleting C:\Users\Nikhil Nawale\Desktop\NewWebsite\New Web\Backend\target
[INFO] 
[INFO] --- resources:3.3.1:resources (default-resources) @ backend ---
[INFO] Copying 1 resource from src\main\resources to target\classes
[INFO] Copying 0 resource from src\main\resources to target\classes
[INFO] 
[INFO] --- compiler:3.11.0:compile (default-compile) @ backend ---
[INFO] Changes detected - recompiling the module! :source
[INFO] Compiling 31 source files with javac [debug release 17] to target\classes
[INFO] -------------------------------------------------------------
[ERROR] COMPILATION ERROR : 
[INFO] -------------------------------------------------------------
[ERROR] /C:/Users/Nikhil Nawale/Desktop/NewWebsite/New Web/Backend/src/main/java/com/tsarit/backend/controller/EnrollmentController.java:[66,23] cannot find symbol
  symbol:   method setStudentName(java.lang.String)
  location: variable enrollment of type com.tsarit.backend.entity.Enrollment
[ERROR] /C:/Users/Nikhil Nawale/Desktop/NewWebsite/New Web/Backend/src/main/java/com/tsarit/backend/controller/EnrollmentController.java:[68,23] cannot find symbol
  symbol:   method setPaymentTime(java.time.LocalDateTime)
  location: variable enrollment of type com.tsarit.backend.entity.Enrollment
[INFO] 2 errors 
[INFO] -------------------------------------------------------------
[INFO] ------------------------------------------------------------------------
[INFO] BUILD FAILURE
[INFO] ------------------------------------------------------------------------
[INFO] Total time:  8.065 s
[INFO] Finished at: 2026-02-03T17:47:21+05:30
[INFO] ------------------------------------------------------------------------
[ERROR] Failed to execute goal org.apache.maven.plugins:maven-compiler-plugin:3.11.0:compile (default-compile) on project backend: Compilation failure: Compilation failure: 
[ERROR] /C:/Users/Nikhil Nawale/Desktop/NewWebsite/New Web/Backend/src/main/java/com/tsarit/backend/controller/EnrollmentController.java:[66,23] cannot find symbol
[ERROR]   symbol:   method setStudentName(java.lang.String)
[ERROR]   location: variable enrollment of type com.tsarit.backend.entity.Enrollment
[ERROR] /C:/Users/Nikhil Nawale/Desktop/NewWebsite/New Web/Backend/src/main/java/com/tsarit/backend/controller/EnrollmentController.java:[68,23] cannot find symbol
[ERROR]   symbol:   method setPaymentTime(java.time.LocalDateTime)
[ERROR]   location: variable enrollment of type com.tsarit.backend.entity.Enrollment
[ERROR] -> [Help 1]
[ERROR] 
[ERROR] To see the full stack trace of the errors, re-run Maven with the -e switch.
[ERROR] Re-run Maven using the -X switch to enable full debug logging.
[ERROR] 
[ERROR] For more information about the errors and possible solutions, please read the following articles:
[ERROR] [Help 1] http://cwiki.apache.org/confluence/display/MAVEN/MojoFailureException
